// Jest Snapshot v1, https://goo.gl/fbAQLP

exports[`Creating tests for Home Should in snapshot 1`] = `
<div>
  <div>
    <h1>
      Hello World
    </h1>
  </div>
</div>
`;
